---
# Source: homelab-base-chart/templates/_generic/deployment.yaml
apiVersion: v1
kind: PersistentVolume
metadata:
  name: "adguard-config-pv"
  namespace: argocd
  annotations:
    argocd.argoproj.io/sync-options: Prune=true
spec:
  capacity:
    storage: 10Gi
  volumeMode: Filesystem
  accessModes:
    - ReadWriteMany
  persistentVolumeReclaimPolicy: Retain
  storageClassName: manual
  hostPath:
    type: Directory
    path: /mnt/somewhere/unencrypted/apps/adguard/config
  claimRef:
    apiVersion: v1
    kind: PersistentVolumeClaim
    name: "adguard-config-pvc"
    namespace: argocd
---
# Source: homelab-base-chart/templates/_generic/deployment.yaml
---
apiVersion: v1
kind: PersistentVolume
metadata:
  name: "adguard-data-pv"
  namespace: argocd
  annotations:
    argocd.argoproj.io/sync-options: Prune=true
spec:
  capacity:
    storage: 10Gi
  volumeMode: Filesystem
  accessModes:
    - ReadWriteMany
  persistentVolumeReclaimPolicy: Retain
  storageClassName: manual
  hostPath:
    type: Directory
    path: /mnt/somewhere/unencrypted/apps/adguard/data
  claimRef:
    apiVersion: v1
    kind: PersistentVolumeClaim
    name: "adguard-data-pvc"
    namespace: argocd
---
# Source: homelab-base-chart/templates/_generic/deployment.yaml
apiVersion: v1
kind: PersistentVolumeClaim
metadata:
  name: "adguard-config-pvc"
  namespace: argocd
  annotations:
    argocd.argoproj.io/sync-options: Prune=true
spec:
  storageClassName: manual
  accessModes:
    - ReadWriteMany
  resources:
    requests:
      storage: 10Gi
---
# Source: homelab-base-chart/templates/_generic/deployment.yaml
apiVersion: v1
kind: PersistentVolumeClaim
metadata:
  name: "adguard-data-pvc"
  namespace: argocd
  annotations:
    argocd.argoproj.io/sync-options: Prune=true
spec:
  storageClassName: manual
  accessModes:
    - ReadWriteMany
  resources:
    requests:
      storage: 10Gi
---
# Source: homelab-base-chart/templates/_generic/service.yaml
apiVersion: v1
kind: Service
metadata:
  name: adguard-service
  namespace: argocd
spec:
  ports:
    - name: http
      port: 80
    - name: https
      port: 443
    - name: dns
      port: 53
    - name: admin
      port: 3000
  selector:
    app: adguard
---
# Source: homelab-base-chart/templates/_generic/deployment.yaml
apiVersion: apps/v1
kind: Deployment
metadata:
  name: adguard-deployment
  namespace: argocd
spec:
  replicas: 1
  strategy:
    type: Recreate
  selector:
    matchLabels:
      app: adguard
  template:
    metadata:
      labels:
        app: adguard
    spec:
      containers:
        - name: adguard
          image: adguard/adguardhome:latest
          ports:
            - containerPort: 3000
            - containerPort: 53
            - containerPort: 80
            - containerPort: 443
          volumeMounts:
            - mountPath: "/opt/adguardhome/conf"
              name: adguard-config-volume
            - mountPath: "/opt/adguardhome/work"
              name: adguard-data-volume
      volumes:
        - name: adguard-config-volume
          persistentVolumeClaim:
            claimName: adguard-config-pvc
        - name: adguard-data-volume
          persistentVolumeClaim:
            claimName: adguard-data-pvc
---
# Source: homelab-base-chart/templates/_generic/ingress-https.yaml
apiVersion: traefik.io/v1alpha1
kind: IngressRoute
metadata:
  name: adguard-https-80-0
  namespace: argocd
  annotations:
    argocd.argoproj.io/sync-options: Prune=true,SkipDryRunOnMissingResource=true
spec:
  entryPoints:
    - websecure
  routes:
    - match: Host(`adguard.home-server.dev`) 
      kind: Rule
      priority: 10
      services:
        - name: adguard-service
          port: 80
      middlewares:
        - name: traefik-forward-auth
          namespace: argocd
  tls:
    certResolver: cloudflare
---
# Source: homelab-base-chart/templates/_generic/ingress-https.yaml
apiVersion: traefik.io/v1alpha1
kind: IngressRoute
metadata:
  name: adguard-https-3000-1
  namespace: argocd
  annotations:
    argocd.argoproj.io/sync-options: Prune=true,SkipDryRunOnMissingResource=true
spec:
  entryPoints:
    - websecure
  routes:
    - match: Host(`adguard-admin.home-server.dev`) 
      kind: Rule
      priority: 10
      services:
        - name: adguard-service
          port: 3000
      middlewares:
        - name: traefik-forward-auth
          namespace: argocd
  tls:
    certResolver: cloudflare
---
# Source: homelab-base-chart/templates/_generic/ingress-udp.yaml
apiVersion: traefik.io/v1alpha1
kind: IngressRouteUDP
metadata:
  name: adguard-udp-53
  namespace: argocd
  annotations:
    argocd.argoproj.io/sync-options: Prune=true,SkipDryRunOnMissingResource=true
spec:
  entryPoints:
    - dns
  routes:
    - services:
        - name: adguard-service
          port: 53
