---
# Source: homelab-base-chart/templates/argocd/argocd-configmap.yaml
apiVersion: v1
kind: ConfigMap
metadata:
  name: argocd-cm
  namespace: argocd
  labels:
    app.kubernetes.io/name: argocd-cm
    app.kubernetes.io/part-of: argocd
data:
  url: https://argocd.home-server.dev

  oidc.config: |
    name: Cognito
    issuer:  https://cognito-idp.eu-central-1.amazonaws.com/eu-central-1_t9DQfKlSX
    clientID: 6e1bl5i55ao7bhhcufk85ussm
    clientSecret: $oidc.auth0.clientSecret
    requestedScopes: ["openid", "profile", "email"]
    requestedIDTokenClaims: {"groups": {"essential": true}}
---
# Source: homelab-base-chart/templates/argocd/argocd-rbac-configmap.yaml
apiVersion: v1
kind: ConfigMap
metadata:
  name: argocd-rbac-cm
  namespace: argocd
  labels:
    app.kubernetes.io/name: argocd-rbac-cm
    app.kubernetes.io/part-of: argocd
data:
  scopes: '[cognito:groups]'
  policy.csv: |
    g, argocd-admin, role:admin
  policy.default: role:readonly
---
# Source: homelab-base-chart/templates/argocd/argocd-external-secret.yaml
apiVersion: external-secrets.io/v1beta1
kind: ExternalSecret
metadata:
  name: argocd-external-secret
  namespace: argocd
spec:
  refreshInterval: 1h

  secretStoreRef:
    kind: SecretStore
    name: akeyless-secret-store

  target:
    name: argocd-secret
    creationPolicy: Merge
    template:
      metadata:
        annotations:
          X-Drone-Events: access-forbidden
          X-Drone-Repos: access-forbidden

  data:
    - secretKey: "oidc.auth0.clientSecret"
      remoteRef:
        key: "/kind-homelab/oidc/traefik-forward-auth/client_secret"
---
# Source: homelab-base-chart/templates/argocd/argocd-ingress-route.yaml
apiVersion: traefik.io/v1alpha1
kind: IngressRoute
metadata:
  name: argocd-https
  namespace: argocd
  annotations:
    argocd.argoproj.io/sync-options: SkipDryRunOnMissingResource=true
spec:
  entryPoints:
    - websecure
  routes:
    - kind: Rule
      match: Host(`argocd.home-server.dev`)
      priority: 10
      services:
        - kind: Service
          name: argocd-server
          port: https
          serversTransport: insecure-transport
      middlewares:
        - name: traefik-forward-auth
          namespace: argocd













  tls:
    certResolver: cloudflare
---
# Source: homelab-base-chart/templates/argocd/argocd-transport.yaml
apiVersion: traefik.io/v1alpha1
kind: ServersTransport
metadata:
  name: insecure-transport
  namespace: argocd
  annotations:
    argocd.argoproj.io/sync-options: SkipDryRunOnMissingResource=true
spec:
  insecureSkipVerify: true
