---
# Source: homelab-base-chart/templates/duplicati/duplicati-configmap.yaml
apiVersion: v1
kind: ConfigMap
metadata:
  name: duplicati-cm
  namespace: argocd
data:
  PUID: "0"
  PGID: "0"
  TZ: "Europe/Berlin"
---
# Source: homelab-base-chart/templates/_generic/deployment.yaml
apiVersion: v1
kind: PersistentVolume
metadata:
  name: "duplicati-config-pv"
  namespace: argocd
  annotations:
    argocd.argoproj.io/sync-options: Prune=true
spec:
  capacity:
    storage: 10Gi
  volumeMode: Filesystem
  accessModes:
    - ReadWriteMany
  persistentVolumeReclaimPolicy: Retain
  storageClassName: manual
  hostPath:
    type: Directory
    path: /mnt/somewhere/encrypted/apps/duplicati/config
  claimRef:
    apiVersion: v1
    kind: PersistentVolumeClaim
    name: "duplicati-config-pvc"
    namespace: argocd
---
# Source: homelab-base-chart/templates/_generic/deployment.yaml
apiVersion: v1
kind: PersistentVolumeClaim
metadata:
  name: "duplicati-config-pvc"
  namespace: argocd
  annotations:
    argocd.argoproj.io/sync-options: Prune=true
spec:
  storageClassName: manual
  accessModes:
    - ReadWriteMany
  resources:
    requests:
      storage: 10Gi
---
# Source: homelab-base-chart/templates/_generic/service.yaml
apiVersion: v1
kind: Service
metadata:
  name: duplicati-service
  namespace: argocd
  labels:
    app: duplicati
spec:
  ports:
    - name: 
      port: 8200
  selector:
    app: duplicati
---
# Source: homelab-base-chart/templates/_generic/deployment.yaml
apiVersion: apps/v1
kind: Deployment
metadata:
  name: duplicati-deployment
  namespace: argocd
spec:
  replicas: 1
  strategy:
    type: Recreate
  selector:
    matchLabels:
      app: duplicati
  template:
    metadata:
      labels:
        app: duplicati
    spec:
      containers:
        - name: duplicati
          image: lscr.io/linuxserver/duplicati:latest
          securityContext:
            privileged: true
            runAsUser: 0
          ports:
            - containerPort: 8200
          volumeMounts:
            - mountPath: "/config"
              name: duplicati-config-volume
          envFrom:
            - configMapRef:
                name: duplicati-cm
      volumes:
        - name: duplicati-config-volume
          persistentVolumeClaim:
            claimName: duplicati-config-pvc
---
# Source: homelab-base-chart/templates/_generic/ingress-https.yaml
apiVersion: traefik.io/v1alpha1
kind: IngressRoute
metadata:
  name: duplicati-https-8200-0
  namespace: argocd
  annotations:
    argocd.argoproj.io/sync-options: Prune=true,SkipDryRunOnMissingResource=true
spec:
  entryPoints:
    - websecure
  routes:
    - match: Host(`duplicati.home-server.dev`) 
      kind: Rule
      priority: 10
      services:
        - name: duplicati-service
          port: 8200
      middlewares:
        - name: traefik-forward-auth
          namespace: argocd
  tls:
    certResolver: cloudflare
