---
# Source: homelab-base-chart/templates/_generic/pv.yaml
apiVersion: v1
kind: PersistentVolume
metadata:
  name: "immich-cnpg-pv"
  namespace: argocd
  labels:
    app: "immich-cnpg"
  annotations:
    argocd.argoproj.io/sync-options: Prune=true
spec:
  capacity:
    storage: 10Gi
  volumeMode: Filesystem
  accessModes:
    - ReadWriteOnce
# WARNING: THIS WILL DELETE THE PV AND ALL DATA INSIDE IT
  persistentVolumeReclaimPolicy: Retain
  storageClassName: ''
  hostPath:
    type: Directory
    path: /mnt/somewhere/encrypted/apps/immich/cnpg
---
# Source: homelab-base-chart/templates/_generic/pvc.yaml
apiVersion: v1
kind: PersistentVolume
metadata:
  name: "immich-library-pv"
  namespace: argocd
  annotations:
    argocd.argoproj.io/sync-options: Prune=true
spec:
  capacity:
    storage: 10Gi
  volumeMode: Filesystem
  accessModes:
    - ReadWriteMany
# WARNING: THIS WILL DELETE THE PV AND ALL DATA INSIDE IT
  persistentVolumeReclaimPolicy: Retain
  storageClassName: ''
  hostPath:
    type: Directory
    path: /mnt/somewhere/encrypted/apps/immich/library
  claimRef:
    apiVersion: v1
    kind: PersistentVolumeClaim
    name: "immich-library-pvc"
    namespace: argocd
---
# Source: homelab-base-chart/templates/_generic/pvc.yaml
---
apiVersion: v1
kind: PersistentVolume
metadata:
  name: "immich-postgresql-pv"
  namespace: argocd
  annotations:
    argocd.argoproj.io/sync-options: Prune=true
spec:
  capacity:
    storage: 10Gi
  volumeMode: Filesystem
  accessModes:
    - ReadWriteMany
# WARNING: THIS WILL DELETE THE PV AND ALL DATA INSIDE IT
  persistentVolumeReclaimPolicy: Retain
  storageClassName: ''
  hostPath:
    type: Directory
    path: /mnt/somewhere/encrypted/apps/immich/postgresql
  claimRef:
    apiVersion: v1
    kind: PersistentVolumeClaim
    name: "immich-postgresql-pvc"
    namespace: argocd
---
# Source: homelab-base-chart/templates/_generic/pvc.yaml
---
apiVersion: v1
kind: PersistentVolume
metadata:
  name: "immich-redis-pv"
  namespace: argocd
  annotations:
    argocd.argoproj.io/sync-options: Prune=true
spec:
  capacity:
    storage: 10Gi
  volumeMode: Filesystem
  accessModes:
    - ReadWriteMany
# WARNING: THIS WILL DELETE THE PV AND ALL DATA INSIDE IT
  persistentVolumeReclaimPolicy: Retain
  storageClassName: ''
  hostPath:
    type: Directory
    path: /mnt/somewhere/encrypted/apps/immich/redis
  claimRef:
    apiVersion: v1
    kind: PersistentVolumeClaim
    name: "immich-redis-pvc"
    namespace: argocd
---
# Source: homelab-base-chart/templates/_generic/pvc.yaml
apiVersion: v1
kind: PersistentVolumeClaim
metadata:
  name: "immich-library-pvc"
  namespace: argocd
  annotations:
    argocd.argoproj.io/sync-options: Prune=true
spec:
  storageClassName: ''
  accessModes:
    - ReadWriteMany
  resources:
    requests:
      storage: 10Gi
---
# Source: homelab-base-chart/templates/_generic/pvc.yaml
apiVersion: v1
kind: PersistentVolumeClaim
metadata:
  name: "immich-postgresql-pvc"
  namespace: argocd
  annotations:
    argocd.argoproj.io/sync-options: Prune=true
spec:
  storageClassName: ''
  accessModes:
    - ReadWriteMany
  resources:
    requests:
      storage: 10Gi
---
# Source: homelab-base-chart/templates/_generic/pvc.yaml
apiVersion: v1
kind: PersistentVolumeClaim
metadata:
  name: "immich-redis-pvc"
  namespace: argocd
  annotations:
    argocd.argoproj.io/sync-options: Prune=true
spec:
  storageClassName: ''
  accessModes:
    - ReadWriteMany
  resources:
    requests:
      storage: 10Gi
---
# Source: homelab-base-chart/templates/immich/immich-application.yaml
apiVersion: argoproj.io/v1alpha1
kind: Application
metadata:
  name: immich
  namespace: argocd
  annotations:
    argocd.argoproj.io/sync-wave: "0"
    argocd.argoproj.io/sync-options: SkipDryRunOnMissingResource=true
spec:
  project: default
  source:
    chart: immich
    repoURL: https://immich-app.github.io/immich-charts
    targetRevision: 0.8.5
    helm:
      # Values file as block file
      valuesObject:
        image:
          tag: v1.125.7
        env:
          IMMICH_LOG_LEVEL: 'log'
        immich:
          persistence:
            library:
              existingClaim: immich-library-pvc
        postgresql:
          enabled: true
          primary:
            persistence:
              existingClaim: immich-postgresql-pvc
            resources:
              requests:
                memory: 512Mi
              limits:
                memory: 6Gi
        redis:
          enabled: true
          auth:
            enabled: false
          networkPolicy:
            enabled: true
          master:
            persistence:
              existingClaim: immich-redis-pvc

  destination:
    server: "https://kubernetes.default.svc"
    namespace: argocd
  syncPolicy:
    automated:
      allowEmpty: true
      prune: true
      selfHeal: true
    syncOptions:
      - allowEmpty=true
    retry:
      limit: 5 # number of failed sync attempt retries; unlimited number of attempts if less than 0
      backoff:
        duration: 5s # the amount to back off. Default unit is seconds, but could also be a duration (e.g. "2m", "1h")
        factor: 2 # a factor to multiply the base duration after each failed retry
        maxDuration: 1m # the maximum amount of time allowed for the backoff strategy
---
# Source: homelab-base-chart/templates/immich/psql.yaml
apiVersion: postgresql.cnpg.io/v1
kind: Cluster
metadata:
  name: immich-postgres
  namespace: argocd
spec:
  # At the time of writing, immich is only compatible with pgvecto.rs <0.4. Latest postgres image with that version is 16.5.
  imageName: ghcr.io/tensorchord/cloudnative-pgvecto.rs:16.5-v0.3.0@sha256:be3f025d79aa1b747817f478e07e71be43236e14d00d8a9eb3914146245035ba
  instances: 1

  postgresql:
    shared_preload_libraries:
      - "vectors.so"

  managed:
    roles:
      - name: immich
        superuser: true
        login: true










  storage:
    size: 10Gi
    pvcTemplate:
      storageClassName: ""
      accessModes: [ "ReadWriteOnce" ]
      resources:
        requests:
          storage: 10Gi
      selector:
        matchLabels:
          app: immich-cnpg
---
# Source: homelab-base-chart/templates/_generic/ingress-https.yaml
apiVersion: traefik.io/v1alpha1
kind: IngressRoute
metadata:
  name: immich-https-2283-0
  namespace: argocd
  annotations:
    argocd.argoproj.io/sync-options: Prune=true,SkipDryRunOnMissingResource=true
spec:
  entryPoints:
    - websecure
  routes:
    - match: Host(`immich.home-server.dev`) 
      kind: Rule
      priority: 10
      services:
        - name: immich-server
          port: 2283
  tls:
    certResolver: cloudflare
