---
# Source: homelab-base-chart/templates/paperlessngx/paperless-ngx-config.yaml
apiVersion: v1
kind: ConfigMap
metadata:
  name: paperlessngx-config
  namespace: argocd
data:
  PAPERLESS_REDIS: "redis://redis-service:6379"
  PAPERLESS_DBHOST: "postgres-service"
  PAPERLESS_DBNAME: "paperless"
  PAPERLESS_DBUSER: "paperless"
  PAPERLESS_ADMIN_USER: "admin"
  PAPERLESS_ADMIN_MAIL: 
  PAPERLESS_URL: https://paperlessngx.home-server.dev
  PAPERLESS_CONSUMER_ENABLE_BARCODES: "true"
  PAPERLESS_CONSUMER_ENABLE_ASN_BARCODE: "true"
  PAPERLESS_CONSUMER_ASN_BARCODE_PREFIX: "https://asn.home-server.dev/"
  PAPERLESS_CONSUMER_BARCODE_UPSCALE: "1.5"
  PAPERLESS_CONSUMER_BARCODE_MAX_PAGE: "5"
  PAPERLESS_OCR_USER_ARGS: "{\"invalidate_digital_signatures\": true}"
  PAPERLESS_TIKA_ENABLED: "1"
  PAPERLESS_TIKA_GOTENBERG_ENDPOINT: "http://gotenberg-service:3000"
  PAPERLESS_TIKA_ENDPOINT: "http://tika-service:9998"
  PAPERLESS_FILENAME_FORMAT: "{{ created_year }}/{{ created_year }}_{{ created_month }}_{{ created_day }}_{{ correspondent }}_{{ title }}"
  PAPERLESS_FILENAME_FORMAT_REMOVE_NONE: "true"
---
# Source: homelab-base-chart/templates/_generic/deployment.yaml
apiVersion: v1
kind: PersistentVolume
metadata:
  name: "paperlessngx-consume-pv"
  namespace: argocd
  annotations:
    argocd.argoproj.io/sync-options: Prune=true
spec:
  capacity:
    storage: 10Gi
  volumeMode: Filesystem
  accessModes:
    - ReadWriteMany
  persistentVolumeReclaimPolicy: Retain
  storageClassName: manual
  hostPath:
    type: Directory
    path: /mnt/somewhere/encrypted/apps/paperlessngx/consume
  claimRef:
    apiVersion: v1
    kind: PersistentVolumeClaim
    name: "paperlessngx-consume-pvc"
    namespace: argocd
---
# Source: homelab-base-chart/templates/_generic/deployment.yaml
---
apiVersion: v1
kind: PersistentVolume
metadata:
  name: "paperlessngx-data-pv"
  namespace: argocd
  annotations:
    argocd.argoproj.io/sync-options: Prune=true
spec:
  capacity:
    storage: 10Gi
  volumeMode: Filesystem
  accessModes:
    - ReadWriteMany
  persistentVolumeReclaimPolicy: Retain
  storageClassName: manual
  hostPath:
    type: Directory
    path: /mnt/somewhere/encrypted/apps/paperlessngx/data
  claimRef:
    apiVersion: v1
    kind: PersistentVolumeClaim
    name: "paperlessngx-data-pvc"
    namespace: argocd
---
# Source: homelab-base-chart/templates/_generic/deployment.yaml
---
apiVersion: v1
kind: PersistentVolume
metadata:
  name: "paperlessngx-export-pv"
  namespace: argocd
  annotations:
    argocd.argoproj.io/sync-options: Prune=true
spec:
  capacity:
    storage: 10Gi
  volumeMode: Filesystem
  accessModes:
    - ReadWriteMany
  persistentVolumeReclaimPolicy: Retain
  storageClassName: manual
  hostPath:
    type: Directory
    path: /mnt/somewhere/encrypted/apps/paperlessngx/export
  claimRef:
    apiVersion: v1
    kind: PersistentVolumeClaim
    name: "paperlessngx-export-pvc"
    namespace: argocd
---
# Source: homelab-base-chart/templates/_generic/deployment.yaml
---
apiVersion: v1
kind: PersistentVolume
metadata:
  name: "paperlessngx-media-pv"
  namespace: argocd
  annotations:
    argocd.argoproj.io/sync-options: Prune=true
spec:
  capacity:
    storage: 10Gi
  volumeMode: Filesystem
  accessModes:
    - ReadWriteMany
  persistentVolumeReclaimPolicy: Retain
  storageClassName: manual
  hostPath:
    type: Directory
    path: /mnt/somewhere/encrypted/apps/paperlessngx/media
  claimRef:
    apiVersion: v1
    kind: PersistentVolumeClaim
    name: "paperlessngx-media-pvc"
    namespace: argocd
---
# Source: homelab-base-chart/templates/_generic/deployment.yaml
apiVersion: v1
kind: PersistentVolumeClaim
metadata:
  name: "paperlessngx-consume-pvc"
  namespace: argocd
  annotations:
    argocd.argoproj.io/sync-options: Prune=true
spec:
  storageClassName: manual
  accessModes:
    - ReadWriteMany
  resources:
    requests:
      storage: 10Gi
---
# Source: homelab-base-chart/templates/_generic/deployment.yaml
apiVersion: v1
kind: PersistentVolumeClaim
metadata:
  name: "paperlessngx-data-pvc"
  namespace: argocd
  annotations:
    argocd.argoproj.io/sync-options: Prune=true
spec:
  storageClassName: manual
  accessModes:
    - ReadWriteMany
  resources:
    requests:
      storage: 10Gi
---
# Source: homelab-base-chart/templates/_generic/deployment.yaml
apiVersion: v1
kind: PersistentVolumeClaim
metadata:
  name: "paperlessngx-export-pvc"
  namespace: argocd
  annotations:
    argocd.argoproj.io/sync-options: Prune=true
spec:
  storageClassName: manual
  accessModes:
    - ReadWriteMany
  resources:
    requests:
      storage: 10Gi
---
# Source: homelab-base-chart/templates/_generic/deployment.yaml
apiVersion: v1
kind: PersistentVolumeClaim
metadata:
  name: "paperlessngx-media-pvc"
  namespace: argocd
  annotations:
    argocd.argoproj.io/sync-options: Prune=true
spec:
  storageClassName: manual
  accessModes:
    - ReadWriteMany
  resources:
    requests:
      storage: 10Gi
---
# Source: homelab-base-chart/templates/_generic/service.yaml
apiVersion: v1
kind: Service
metadata:
  name: paperlessngx-service
  namespace: argocd
spec:
  ports:
    - name: http
      port: 8000
  selector:
    app: paperlessngx
---
# Source: homelab-base-chart/templates/_generic/deployment.yaml
apiVersion: apps/v1
kind: Deployment
metadata:
  name: paperlessngx-deployment
  namespace: argocd
spec:
  replicas: 1
  strategy:
    type: Recreate
  selector:
    matchLabels:
      app: paperlessngx
  template:
    metadata:
      labels:
        app: paperlessngx
    spec:
      containers:
        - name: paperlessngx
          image: ghcr.io/paperless-ngx/paperless-ngx:latest
          ports:
            - containerPort: 8000
          volumeMounts:
            - mountPath: "/usr/src/paperless/consume"
              name: paperlessngx-consume-volume
            - mountPath: "/usr/src/paperless/data"
              name: paperlessngx-data-volume
            - mountPath: "/usr/src/paperless/export"
              name: paperlessngx-export-volume
            - mountPath: "/usr/src/paperless/media"
              name: paperlessngx-media-volume
          envFrom:
            - configMapRef:
                name: paperlessngx-config
            - secretRef:
                name: paperlessngx-secret
      volumes:
        - name: paperlessngx-consume-volume
          persistentVolumeClaim:
            claimName: paperlessngx-consume-pvc
        - name: paperlessngx-data-volume
          persistentVolumeClaim:
            claimName: paperlessngx-data-pvc
        - name: paperlessngx-export-volume
          persistentVolumeClaim:
            claimName: paperlessngx-export-pvc
        - name: paperlessngx-media-volume
          persistentVolumeClaim:
            claimName: paperlessngx-media-pvc
---
# Source: homelab-base-chart/templates/paperlessngx/postgres-user-job.yaml
apiVersion: batch/v1
kind: Job
metadata:
  name: paperless-db-init
  namespace: argocd
spec:
  template:
    spec:
      containers:
        - name: init-paperless-db
          image: "postgres:16"
          envFrom:
            - secretRef:
                name: postgres-secret
            - secretRef:
                name: paperlessngx-secret
            - configMapRef:
                name: postgres-config
          command: ["sh", "-c"]
          args:
            - |
              set -e
              echo "Starting database initialization script..."
              echo "Environment Variables:"
              echo "POSTGRES_USER: $POSTGRES_USER"
              echo "POSTGRES_DB: $POSTGRES_DB"

              echo "Checking if user 'paperless' exists..."
              if PGPASSWORD=$POSTGRES_PASSWORD psql -U $POSTGRES_USER -h postgres-service -d $POSTGRES_DB -tc "SELECT 1 FROM pg_roles WHERE rolname='paperless'" | grep -q 1; then
                echo "User 'paperless' already exists."
              else
                echo "Creating user 'paperless'..."
                PGPASSWORD=$POSTGRES_PASSWORD psql -U $POSTGRES_USER -h postgres-service -d $POSTGRES_DB -c "CREATE USER paperless WITH PASSWORD '$PAPERLESS_DBPASS';"
              fi

              echo "Checking if database 'paperless' exists..."
              if PGPASSWORD=$POSTGRES_PASSWORD psql -U $POSTGRES_USER -h postgres-service -d $POSTGRES_DB -tc "SELECT 1 FROM pg_database WHERE datname='paperless'" | grep -q 1; then
                echo "Database 'paperless' already exists."
              else
                echo "Creating database 'paperless'..."
                PGPASSWORD=$POSTGRES_PASSWORD psql -U $POSTGRES_USER -h postgres-service -d $POSTGRES_DB -c "CREATE DATABASE paperless;"
              fi

              echo "Granting ownership of the database 'paperless' to user 'paperless'..."
              PGPASSWORD=$POSTGRES_PASSWORD psql -U $POSTGRES_USER -h postgres-service -d $POSTGRES_DB -c "ALTER DATABASE paperless OWNER TO paperless;"

              echo "Granting ownership and full privileges on schema 'public' to user 'paperless'..."
              PGPASSWORD=$POSTGRES_PASSWORD psql -U $POSTGRES_USER -h postgres-service -d paperless -c "GRANT ALL PRIVILEGES ON SCHEMA public TO paperless;"
              PGPASSWORD=$POSTGRES_PASSWORD psql -U $POSTGRES_USER -h postgres-service -d paperless -c "ALTER SCHEMA public OWNER TO paperless;"

              echo "Database initialization script completed."
      restartPolicy: OnFailure
---
# Source: homelab-base-chart/templates/paperlessngx/ paperless-ngx-external-secret.yaml
apiVersion: external-secrets.io/v1beta1
kind: ExternalSecret
metadata:
  name: paperlessngx-external-secret
  namespace: argocd
spec:
  refreshInterval: 1h
  secretStoreRef:
    kind: SecretStore
    name: akeyless-secret-store
  target:
    name: paperlessngx-secret
    creationPolicy: Owner
    template:
      metadata:
        annotations:
          X-Drone-Events: access-forbidden
          X-Drone-Repos: access-forbidden
  data:
    - secretKey: "PAPERLESS_DBPASS"
      remoteRef:
        key: "/kind-homelab/paperlessngx/POSTGRES_PASSWORD"
    - secretKey: "PAPERLESS_ADMIN_PASSWORD"
      remoteRef:
        key: "/kind-homelab/paperlessngx/PAPERLESS_ADMIN_PASSWORD"
---
# Source: homelab-base-chart/templates/_generic/ingress-https.yaml
apiVersion: traefik.io/v1alpha1
kind: IngressRoute
metadata:
  name: paperlessngx-https-8000-0
  namespace: argocd
  annotations:
    argocd.argoproj.io/sync-options: Prune=true,SkipDryRunOnMissingResource=true
spec:
  entryPoints:
    - websecure
  routes:
    - match: Host(`paperlessngx.home-server.dev`) 
      kind: Rule
      priority: 10
      services:
        - name: paperlessngx-service
          port: 8000
      middlewares:
        - name: traefik-forward-auth
          namespace: argocd
  tls:
    certResolver: cloudflare
