---
# Source: homelab-base-chart/templates/paperlessgpt/paperlessgpt-config.yaml
apiVersion: v1
kind: ConfigMap
metadata:
  name: paperlessgpt-config
  namespace: argocd
data:
  PAPERLESS_BASE_URL: "http://paperlessngx-service:8000"
  LLM_PROVIDER: "openai"
  LLM_MODEL: "gpt-4o"
  LLM_LANGUAGE: "German" # Optional, default is 'English'
  OLLAMA_HOST: "http://ollama-service:11434" # If using Ollama
  LOG_LEVEL: "INFO"
  AWS_REGION: "eu-central-1"
  AWS_OCR_BUCKET_NAME: "paperless-ocr"
  PROMPT_TITLE_EXPLANATION: ""
  PROMPT_DOCUMENT_TYPE_EXPLANATION: ""
  PROMPT_CORRESPONDENT_EXPLANATION: ""
  PROMPT_POSTAMBLE: ""
---
# Source: homelab-base-chart/templates/_generic/deployment.yaml
apiVersion: v1
kind: PersistentVolume
metadata:
  name: "paperlessgpt-prompts-pv"
  namespace: argocd
  annotations:
    argocd.argoproj.io/sync-options: Prune=true
spec:
  capacity:
    storage: 10Gi
  volumeMode: Filesystem
  accessModes:
    - ReadWriteMany
  persistentVolumeReclaimPolicy: Retain
  storageClassName: manual
  hostPath:
    type: Directory
    path: /mnt/somewhere/encrypted/apps/paperless-gpt/prompts
  claimRef:
    apiVersion: v1
    kind: PersistentVolumeClaim
    name: "paperlessgpt-prompts-pvc"
    namespace: argocd
---
# Source: homelab-base-chart/templates/_generic/deployment.yaml
apiVersion: v1
kind: PersistentVolumeClaim
metadata:
  name: "paperlessgpt-prompts-pvc"
  namespace: argocd
  annotations:
    argocd.argoproj.io/sync-options: Prune=true
spec:
  storageClassName: manual
  accessModes:
    - ReadWriteMany
  resources:
    requests:
      storage: 10Gi
---
# Source: homelab-base-chart/templates/_generic/deployment.yaml
apiVersion: apps/v1
kind: Deployment
metadata:
  name: paperlessgpt-deployment
  namespace: argocd
spec:
  replicas: 1
  strategy:
    type: Recreate
  selector:
    matchLabels:
      app: paperlessgpt
  template:
    metadata:
      labels:
        app: paperlessgpt
    spec:
      containers:
        - name: paperlessgpt
          image: jonashess/paperless-gpt:unreleased
          ports:
          volumeMounts:
            - mountPath: "/app/prompts"
              name: paperlessgpt-prompts-volume
          envFrom:
            - configMapRef:
                name: paperlessgpt-config
            - secretRef:
                name: paperlessgpt-secret
      volumes:
        - name: paperlessgpt-prompts-volume
          persistentVolumeClaim:
            claimName: paperlessgpt-prompts-pvc
---
# Source: homelab-base-chart/templates/paperlessgpt/paperlessgpt-external-secret.yaml
apiVersion: external-secrets.io/v1beta1
kind: ExternalSecret
metadata:
  name: paperless-gpt-external-secret
  namespace: argocd
spec:
  refreshInterval: 1h
  secretStoreRef:
    kind: SecretStore
    name: akeyless-secret-store
  target:
    name: paperlessgpt-secret
    creationPolicy: Owner
    template:
      metadata:
        annotations:
          X-Drone-Events: access-forbidden
          X-Drone-Repos: access-forbidden
  data:
    - secretKey: "PAPERLESS_API_TOKEN"
      remoteRef:
        key: "/kind-homelab/paperlessgpt/PAPERLESS_API_TOKEN"

    - secretKey: "OPENAI_API_KEY"
      remoteRef:
        key: "/kind-homelab/paperlessgpt/OPENAI_API_KEY"

    - secretKey: "AWS_ACCESS_KEY_ID"
      remoteRef:
        key: "/kind-homelab/paperlessgpt/AWS_ACCESS_KEY_ID"

    - secretKey: "AWS_SECRET_ACCESS_KEY"
      remoteRef:
        key: "/kind-homelab/paperlessgpt/AWS_SECRET_ACCESS_KEY"

    - secretKey: "PROMPT_PREAMBLE"
      remoteRef:
        key: "/kind-homelab/paperlessgpt/PROMPT_PREAMBLE"

    - secretKey: "CORRESPONDENT_BLACK_LIST"
      remoteRef:
        key: "/kind-homelab/paperlessgpt/CORRESPONDENT_BLACK_LIST"

    - secretKey: "PROMPT_TAGS_EXPLANATION"
      remoteRef:
        key: "/kind-homelab/paperlessgpt/PROMPT_TAGS_EXPLANATION"
