---
# Source: homelab-base-chart/templates/_generic/deployment.yaml
apiVersion: v1
kind: PersistentVolume
metadata:
  name: "prowlarr-config-pv"
  namespace: argocd
  annotations:
    argocd.argoproj.io/sync-options: Prune=true
spec:
  capacity:
    storage: 10Gi
  volumeMode: Filesystem
  accessModes:
    - ReadWriteMany
  persistentVolumeReclaimPolicy: Retain
  storageClassName: manual
  hostPath:
    type: Directory
    path: /mnt/somewhere/unencrypted/apps/prowlarr/config
  claimRef:
    apiVersion: v1
    kind: PersistentVolumeClaim
    name: "prowlarr-config-pvc"
    namespace: argocd
---
# Source: homelab-base-chart/templates/_generic/deployment.yaml
---
apiVersion: v1
kind: PersistentVolume
metadata:
  name: "prowlarr-media-pv"
  namespace: argocd
  annotations:
    argocd.argoproj.io/sync-options: Prune=true
spec:
  capacity:
    storage: 10Gi
  volumeMode: Filesystem
  accessModes:
    - ReadWriteMany
  persistentVolumeReclaimPolicy: Retain
  storageClassName: manual
  hostPath:
    type: Directory
    path: /mnt/somewhere/encrypted/media
  claimRef:
    apiVersion: v1
    kind: PersistentVolumeClaim
    name: "prowlarr-media-pvc"
    namespace: argocd
---
# Source: homelab-base-chart/templates/_generic/deployment.yaml
apiVersion: v1
kind: PersistentVolumeClaim
metadata:
  name: "prowlarr-config-pvc"
  namespace: argocd
  annotations:
    argocd.argoproj.io/sync-options: Prune=true
spec:
  storageClassName: manual
  accessModes:
    - ReadWriteMany
  resources:
    requests:
      storage: 10Gi
---
# Source: homelab-base-chart/templates/_generic/deployment.yaml
apiVersion: v1
kind: PersistentVolumeClaim
metadata:
  name: "prowlarr-media-pvc"
  namespace: argocd
  annotations:
    argocd.argoproj.io/sync-options: Prune=true
spec:
  storageClassName: manual
  accessModes:
    - ReadWriteMany
  resources:
    requests:
      storage: 10Gi
---
# Source: homelab-base-chart/templates/_generic/service.yaml
apiVersion: v1
kind: Service
metadata:
  name: prowlarr-service
  namespace: argocd
  labels:
    app: prowlarr
spec:
  ports:
    - name: http
      port: 9696
  selector:
    app: prowlarr
---
# Source: homelab-base-chart/templates/_generic/deployment.yaml
apiVersion: apps/v1
kind: Deployment
metadata:
  name: prowlarr-deployment
  namespace: argocd
spec:
  replicas: 1
  strategy:
    type: Recreate
  selector:
    matchLabels:
      app: prowlarr
  template:
    metadata:
      labels:
        app: prowlarr
    spec:
      containers:
        - name: prowlarr
          image: lscr.io/linuxserver/prowlarr:latest
          ports:
            - containerPort: 9696
          volumeMounts:
            - mountPath: "/config"
              name: prowlarr-config-volume
            - mountPath: "/mnt/media"
              name: prowlarr-media-volume
      volumes:
        - name: prowlarr-config-volume
          persistentVolumeClaim:
            claimName: prowlarr-config-pvc
        - name: prowlarr-media-volume
          persistentVolumeClaim:
            claimName: prowlarr-media-pvc
---
# Source: homelab-base-chart/templates/_generic/ingress-https.yaml
apiVersion: traefik.io/v1alpha1
kind: IngressRoute
metadata:
  name: prowlarr-https-9696-0
  namespace: argocd
  annotations:
    argocd.argoproj.io/sync-options: Prune=true,SkipDryRunOnMissingResource=true
spec:
  entryPoints:
    - websecure
  routes:
    - match: Host(`prowlarr.home-server.dev`) 
      kind: Rule
      priority: 10
      services:
        - name: prowlarr-service
          port: 9696
      middlewares:
        - name: traefik-forward-auth
          namespace: argocd
  tls:
    certResolver: cloudflare
---
# Source: homelab-base-chart/templates/_generic/ingress-https.yaml
apiVersion: traefik.io/v1alpha1
kind: IngressRoute
metadata:
  name: prowlarr-https-9696-1
  namespace: argocd
  annotations:
    argocd.argoproj.io/sync-options: Prune=true,SkipDryRunOnMissingResource=true
spec:
  entryPoints:
    - websecure
  routes:
    - match: Host(`prowlarr.home-server.dev`) && PathPrefix(`/api`)
      kind: Rule
      priority: 20
      services:
        - name: prowlarr-service
          port: 9696
  tls:
    certResolver: cloudflare
