---
# Source: homelab-base-chart/templates/qbittorrent/qbittorrent_network_policy.yaml
apiVersion: networking.k8s.io/v1
kind: NetworkPolicy
metadata:
  name: qbittorrent-restrict-egress
  namespace: argocd
spec:
  podSelector:
    matchLabels:
      app: qbittorrent
  policyTypes:
    - Egress
  egress:
    # Allow all egress traffic, but only to port 1080 for all protocols
    - to:
        - ipBlock:
            cidr: 0.0.0.0/0
      ports:
        - port: 1080
    # Allow DNS traffic to any external DNS server (UDP/TCP port 53)
    - to:
        - ipBlock:
            cidr: 0.0.0.0/0
      ports:
        - protocol: UDP
          port: 53
        - protocol: TCP
          port: 53
    # Allow all egress traffic to local IP ranges (10.0.0.0/8, 172.16.0.0/12, 192.168.0.0/16)
    - to:
        - ipBlock:
            cidr: 10.0.0.0/8
        - ipBlock:
            cidr: 172.16.0.0/12
        - ipBlock:
            cidr: 192.168.0.0/16
    # Allow all egress traffic to port 465 for email notifications
    - to:
        - ipBlock:
            cidr: 0.0.0.0/0
      ports:
        - port: 465
---
# Source: homelab-base-chart/templates/_generic/deployment.yaml
apiVersion: v1
kind: PersistentVolume
metadata:
  name: "qbittorrent-config-pv"
  namespace: argocd
  annotations:
    argocd.argoproj.io/sync-options: Prune=true
spec:
  capacity:
    storage: 10Gi
  volumeMode: Filesystem
  accessModes:
    - ReadWriteMany
  persistentVolumeReclaimPolicy: Retain
  storageClassName: manual
  hostPath:
    type: Directory
    path: /mnt/somewhere/unencrypted/apps/qbittorrent/config
  claimRef:
    apiVersion: v1
    kind: PersistentVolumeClaim
    name: "qbittorrent-config-pvc"
    namespace: argocd
---
# Source: homelab-base-chart/templates/_generic/deployment.yaml
---
apiVersion: v1
kind: PersistentVolume
metadata:
  name: "qbittorrent-downloads-pv"
  namespace: argocd
  annotations:
    argocd.argoproj.io/sync-options: Prune=true
spec:
  capacity:
    storage: 10Gi
  volumeMode: Filesystem
  accessModes:
    - ReadWriteMany
  persistentVolumeReclaimPolicy: Retain
  storageClassName: manual
  hostPath:
    type: Directory
    path: /mnt/somewhere/unencrypted/apps/qbittorrent/downloads
  claimRef:
    apiVersion: v1
    kind: PersistentVolumeClaim
    name: "qbittorrent-downloads-pvc"
    namespace: argocd
---
# Source: homelab-base-chart/templates/_generic/deployment.yaml
---
apiVersion: v1
kind: PersistentVolume
metadata:
  name: "qbittorrent-media-pv"
  namespace: argocd
  annotations:
    argocd.argoproj.io/sync-options: Prune=true
spec:
  capacity:
    storage: 10Gi
  volumeMode: Filesystem
  accessModes:
    - ReadWriteMany
  persistentVolumeReclaimPolicy: Retain
  storageClassName: manual
  hostPath:
    type: Directory
    path: /mnt/somewhere/encrypted/media
  claimRef:
    apiVersion: v1
    kind: PersistentVolumeClaim
    name: "qbittorrent-media-pvc"
    namespace: argocd
---
# Source: homelab-base-chart/templates/_generic/deployment.yaml
---
apiVersion: v1
kind: PersistentVolume
metadata:
  name: "qbittorrent-watchdir-pv"
  namespace: argocd
  annotations:
    argocd.argoproj.io/sync-options: Prune=true
spec:
  capacity:
    storage: 10Gi
  volumeMode: Filesystem
  accessModes:
    - ReadWriteMany
  persistentVolumeReclaimPolicy: Retain
  storageClassName: manual
  hostPath:
    type: Directory
    path: /mnt/somewhere/unencrypted/apps/qbittorrent/watchdir
  claimRef:
    apiVersion: v1
    kind: PersistentVolumeClaim
    name: "qbittorrent-watchdir-pvc"
    namespace: argocd
---
# Source: homelab-base-chart/templates/_generic/deployment.yaml
apiVersion: v1
kind: PersistentVolumeClaim
metadata:
  name: "qbittorrent-config-pvc"
  namespace: argocd
  annotations:
    argocd.argoproj.io/sync-options: Prune=true
spec:
  storageClassName: manual
  accessModes:
    - ReadWriteMany
  resources:
    requests:
      storage: 10Gi
---
# Source: homelab-base-chart/templates/_generic/deployment.yaml
apiVersion: v1
kind: PersistentVolumeClaim
metadata:
  name: "qbittorrent-downloads-pvc"
  namespace: argocd
  annotations:
    argocd.argoproj.io/sync-options: Prune=true
spec:
  storageClassName: manual
  accessModes:
    - ReadWriteMany
  resources:
    requests:
      storage: 10Gi
---
# Source: homelab-base-chart/templates/_generic/deployment.yaml
apiVersion: v1
kind: PersistentVolumeClaim
metadata:
  name: "qbittorrent-media-pvc"
  namespace: argocd
  annotations:
    argocd.argoproj.io/sync-options: Prune=true
spec:
  storageClassName: manual
  accessModes:
    - ReadWriteMany
  resources:
    requests:
      storage: 10Gi
---
# Source: homelab-base-chart/templates/_generic/deployment.yaml
apiVersion: v1
kind: PersistentVolumeClaim
metadata:
  name: "qbittorrent-watchdir-pvc"
  namespace: argocd
  annotations:
    argocd.argoproj.io/sync-options: Prune=true
spec:
  storageClassName: manual
  accessModes:
    - ReadWriteMany
  resources:
    requests:
      storage: 10Gi
---
# Source: homelab-base-chart/templates/_generic/service.yaml
apiVersion: v1
kind: Service
metadata:
  name: qbittorrent-service
  namespace: argocd
spec:
  ports:
    - name: http
      port: 8080
  selector:
    app: qbittorrent
---
# Source: homelab-base-chart/templates/_generic/deployment.yaml
apiVersion: apps/v1
kind: Deployment
metadata:
  name: qbittorrent-deployment
  namespace: argocd
spec:
  replicas: 1
  strategy:
    type: Recreate
  selector:
    matchLabels:
      app: qbittorrent
  template:
    metadata:
      labels:
        app: qbittorrent
    spec:
      containers:
        - name: qbittorrent
          image: lscr.io/linuxserver/qbittorrent:latest
          ports:
            - containerPort: 8080
          volumeMounts:
            - mountPath: "/config"
              name: qbittorrent-config-volume
            - mountPath: "/mnt/downloads"
              name: qbittorrent-downloads-volume
            - mountPath: "/mnt/media"
              name: qbittorrent-media-volume
            - mountPath: "/mnt/watchdir"
              name: qbittorrent-watchdir-volume
      volumes:
        - name: qbittorrent-config-volume
          persistentVolumeClaim:
            claimName: qbittorrent-config-pvc
        - name: qbittorrent-downloads-volume
          persistentVolumeClaim:
            claimName: qbittorrent-downloads-pvc
        - name: qbittorrent-media-volume
          persistentVolumeClaim:
            claimName: qbittorrent-media-pvc
        - name: qbittorrent-watchdir-volume
          persistentVolumeClaim:
            claimName: qbittorrent-watchdir-pvc
---
# Source: homelab-base-chart/templates/_generic/ingress-https.yaml
apiVersion: traefik.io/v1alpha1
kind: IngressRoute
metadata:
  name: qbittorrent-https-8080-0
  namespace: argocd
  annotations:
    argocd.argoproj.io/sync-options: Prune=true,SkipDryRunOnMissingResource=true
spec:
  entryPoints:
    - websecure
  routes:
    - match: Host(`qbittorrent.home-server.dev`) 
      kind: Rule
      priority: 10
      services:
        - name: qbittorrent-service
          port: 8080
      middlewares:
        - name: traefik-forward-auth
          namespace: argocd
  tls:
    certResolver: cloudflare
---
# Source: homelab-base-chart/templates/_generic/ingress-https.yaml
apiVersion: traefik.io/v1alpha1
kind: IngressRoute
metadata:
  name: qbittorrent-https-8080-1
  namespace: argocd
  annotations:
    argocd.argoproj.io/sync-options: Prune=true,SkipDryRunOnMissingResource=true
spec:
  entryPoints:
    - websecure
  routes:
    - match: Host(`qbittorrent.home-server.dev`) && PathPrefix(`/api`)
      kind: Rule
      priority: 20
      services:
        - name: qbittorrent-service
          port: 8080
  tls:
    certResolver: cloudflare
