---
# Source: homelab-base-chart/templates/_generic/deployment.yaml
apiVersion: v1
kind: PersistentVolume
metadata:
  name: "radarr-config-pv"
  namespace: argocd
  annotations:
    argocd.argoproj.io/sync-options: Prune=true
spec:
  capacity:
    storage: 10Gi
  volumeMode: Filesystem
  accessModes:
    - ReadWriteMany
  persistentVolumeReclaimPolicy: Retain
  storageClassName: manual
  hostPath:
    type: Directory
    path: /mnt/somewhere/unencrypted/apps/radarr/config
  claimRef:
    apiVersion: v1
    kind: PersistentVolumeClaim
    name: "radarr-config-pvc"
    namespace: argocd
---
# Source: homelab-base-chart/templates/_generic/deployment.yaml
---
apiVersion: v1
kind: PersistentVolume
metadata:
  name: "radarr-media-pv"
  namespace: argocd
  annotations:
    argocd.argoproj.io/sync-options: Prune=true
spec:
  capacity:
    storage: 10Gi
  volumeMode: Filesystem
  accessModes:
    - ReadWriteMany
  persistentVolumeReclaimPolicy: Retain
  storageClassName: manual
  hostPath:
    type: Directory
    path: /mnt/somewhere/encrypted/media
  claimRef:
    apiVersion: v1
    kind: PersistentVolumeClaim
    name: "radarr-media-pvc"
    namespace: argocd
---
# Source: homelab-base-chart/templates/_generic/deployment.yaml
apiVersion: v1
kind: PersistentVolumeClaim
metadata:
  name: "radarr-config-pvc"
  namespace: argocd
  annotations:
    argocd.argoproj.io/sync-options: Prune=true
spec:
  storageClassName: manual
  accessModes:
    - ReadWriteMany
  resources:
    requests:
      storage: 10Gi
---
# Source: homelab-base-chart/templates/_generic/deployment.yaml
apiVersion: v1
kind: PersistentVolumeClaim
metadata:
  name: "radarr-media-pvc"
  namespace: argocd
  annotations:
    argocd.argoproj.io/sync-options: Prune=true
spec:
  storageClassName: manual
  accessModes:
    - ReadWriteMany
  resources:
    requests:
      storage: 10Gi
---
# Source: homelab-base-chart/templates/_generic/service.yaml
apiVersion: v1
kind: Service
metadata:
  name: radarr-service
  namespace: argocd
  labels:
    app: radarr
spec:
  ports:
    - name: http
      port: 7878
  selector:
    app: radarr
---
# Source: homelab-base-chart/templates/_generic/deployment.yaml
apiVersion: apps/v1
kind: Deployment
metadata:
  name: radarr-deployment
  namespace: argocd
spec:
  replicas: 1
  strategy:
    type: Recreate
  selector:
    matchLabels:
      app: radarr
  template:
    metadata:
      labels:
        app: radarr
    spec:
      containers:
        - name: radarr
          image: lscr.io/linuxserver/radarr:latest
          ports:
            - containerPort: 7878
          volumeMounts:
            - mountPath: "/config"
              name: radarr-config-volume
            - mountPath: "/mnt/media"
              name: radarr-media-volume
      volumes:
        - name: radarr-config-volume
          persistentVolumeClaim:
            claimName: radarr-config-pvc
        - name: radarr-media-volume
          persistentVolumeClaim:
            claimName: radarr-media-pvc
---
# Source: homelab-base-chart/templates/_generic/ingress-https.yaml
apiVersion: traefik.io/v1alpha1
kind: IngressRoute
metadata:
  name: radarr-https-7878-0
  namespace: argocd
  annotations:
    argocd.argoproj.io/sync-options: Prune=true,SkipDryRunOnMissingResource=true
spec:
  entryPoints:
    - websecure
  routes:
    - match: Host(`radarr.home-server.dev`) 
      kind: Rule
      priority: 10
      services:
        - name: radarr-service
          port: 7878
      middlewares:
        - name: traefik-forward-auth
          namespace: argocd
  tls:
    certResolver: cloudflare
---
# Source: homelab-base-chart/templates/_generic/ingress-https.yaml
apiVersion: traefik.io/v1alpha1
kind: IngressRoute
metadata:
  name: radarr-https-7878-1
  namespace: argocd
  annotations:
    argocd.argoproj.io/sync-options: Prune=true,SkipDryRunOnMissingResource=true
spec:
  entryPoints:
    - websecure
  routes:
    - match: Host(`radarr.home-server.dev`) && PathPrefix(`/api`)
      kind: Rule
      priority: 20
      services:
        - name: radarr-service
          port: 7878
  tls:
    certResolver: cloudflare
