---
# Source: homelab-base-chart/templates/_generic/deployment.yaml
apiVersion: v1
kind: PersistentVolume
metadata:
  name: "sabnzbd-config-pv"
  namespace: argocd
  annotations:
    argocd.argoproj.io/sync-options: Prune=true
spec:
  capacity:
    storage: 10Gi
  volumeMode: Filesystem
  accessModes:
    - ReadWriteMany
  persistentVolumeReclaimPolicy: Retain
  storageClassName: manual
  hostPath:
    type: Directory
    path: /mnt/tank1/unencrypted/apps/sabnzbd/config
  claimRef:
    apiVersion: v1
    kind: PersistentVolumeClaim
    name: "sabnzbd-config-pvc"
    namespace: argocd
---
# Source: homelab-base-chart/templates/_generic/deployment.yaml
---
apiVersion: v1
kind: PersistentVolume
metadata:
  name: "sabnzbd-downloads-pv"
  namespace: argocd
  annotations:
    argocd.argoproj.io/sync-options: Prune=true
spec:
  capacity:
    storage: 10Gi
  volumeMode: Filesystem
  accessModes:
    - ReadWriteMany
  persistentVolumeReclaimPolicy: Retain
  storageClassName: manual
  hostPath:
    type: Directory
    path: /data/volumes/sabnzbd-downloads
  claimRef:
    apiVersion: v1
    kind: PersistentVolumeClaim
    name: "sabnzbd-downloads-pvc"
    namespace: argocd
---
# Source: homelab-base-chart/templates/_generic/deployment.yaml
---
apiVersion: v1
kind: PersistentVolume
metadata:
  name: "sabnzbd-media-pv"
  namespace: argocd
  annotations:
    argocd.argoproj.io/sync-options: Prune=true
spec:
  capacity:
    storage: 10Gi
  volumeMode: Filesystem
  accessModes:
    - ReadWriteMany
  persistentVolumeReclaimPolicy: Retain
  storageClassName: manual
  hostPath:
    type: Directory
    path: /mnt/somewhere/encrypted/media
  claimRef:
    apiVersion: v1
    kind: PersistentVolumeClaim
    name: "sabnzbd-media-pvc"
    namespace: argocd
---
# Source: homelab-base-chart/templates/_generic/deployment.yaml
---
apiVersion: v1
kind: PersistentVolume
metadata:
  name: "sabnzbd-watchdir-pv"
  namespace: argocd
  annotations:
    argocd.argoproj.io/sync-options: Prune=true
spec:
  capacity:
    storage: 10Gi
  volumeMode: Filesystem
  accessModes:
    - ReadWriteMany
  persistentVolumeReclaimPolicy: Retain
  storageClassName: manual
  hostPath:
    type: Directory
    path: /mnt/tank1/unencrypted/apps/watchdir
  claimRef:
    apiVersion: v1
    kind: PersistentVolumeClaim
    name: "sabnzbd-watchdir-pvc"
    namespace: argocd
---
# Source: homelab-base-chart/templates/_generic/deployment.yaml
apiVersion: v1
kind: PersistentVolumeClaim
metadata:
  name: "sabnzbd-config-pvc"
  namespace: argocd
  annotations:
    argocd.argoproj.io/sync-options: Prune=true
spec:
  storageClassName: manual
  accessModes:
    - ReadWriteMany
  resources:
    requests:
      storage: 10Gi
---
# Source: homelab-base-chart/templates/_generic/deployment.yaml
apiVersion: v1
kind: PersistentVolumeClaim
metadata:
  name: "sabnzbd-downloads-pvc"
  namespace: argocd
  annotations:
    argocd.argoproj.io/sync-options: Prune=true
spec:
  storageClassName: manual
  accessModes:
    - ReadWriteMany
  resources:
    requests:
      storage: 10Gi
---
# Source: homelab-base-chart/templates/_generic/deployment.yaml
apiVersion: v1
kind: PersistentVolumeClaim
metadata:
  name: "sabnzbd-media-pvc"
  namespace: argocd
  annotations:
    argocd.argoproj.io/sync-options: Prune=true
spec:
  storageClassName: manual
  accessModes:
    - ReadWriteMany
  resources:
    requests:
      storage: 10Gi
---
# Source: homelab-base-chart/templates/_generic/deployment.yaml
apiVersion: v1
kind: PersistentVolumeClaim
metadata:
  name: "sabnzbd-watchdir-pvc"
  namespace: argocd
  annotations:
    argocd.argoproj.io/sync-options: Prune=true
spec:
  storageClassName: manual
  accessModes:
    - ReadWriteMany
  resources:
    requests:
      storage: 10Gi
---
# Source: homelab-base-chart/templates/_generic/service.yaml
apiVersion: v1
kind: Service
metadata:
  name: sabnzbd-service
  namespace: argocd
spec:
  ports:
    - name: http
      port: 8080
  selector:
    app: sabnzbd
---
# Source: homelab-base-chart/templates/_generic/deployment.yaml
apiVersion: apps/v1
kind: Deployment
metadata:
  name: sabnzbd-deployment
  namespace: argocd
spec:
  replicas: 1
  strategy:
    type: Recreate
  selector:
    matchLabels:
      app: sabnzbd
  template:
    metadata:
      labels:
        app: sabnzbd
    spec:
      containers:
        - name: sabnzbd
          image: lscr.io/linuxserver/sabnzbd:latest
          

          ports:
            - containerPort: 8080
          volumeMounts:
            - mountPath: "/config"
              name: sabnzbd-config-volume
            - mountPath: "/mnt/downloads"
              name: sabnzbd-downloads-volume
            - mountPath: "/mnt/media"
              name: sabnzbd-media-volume
            - mountPath: "/mnt/watchdir"
              name: sabnzbd-watchdir-volume
      volumes:
        - name: sabnzbd-config-volume
          persistentVolumeClaim:
            claimName: sabnzbd-config-pvc
        - name: sabnzbd-downloads-volume
          persistentVolumeClaim:
            claimName: sabnzbd-downloads-pvc
        - name: sabnzbd-media-volume
          persistentVolumeClaim:
            claimName: sabnzbd-media-pvc
        - name: sabnzbd-watchdir-volume
          persistentVolumeClaim:
            claimName: sabnzbd-watchdir-pvc
---
# Source: homelab-base-chart/templates/_generic/ingress-https.yaml
apiVersion: traefik.io/v1alpha1
kind: IngressRoute
metadata:
  name: sabnzbd-https-8080-0
  namespace: argocd
  annotations:
    argocd.argoproj.io/sync-options: Prune=true,SkipDryRunOnMissingResource=true
spec:
  entryPoints:
    - websecure
  routes:
    - match: Host(`sabnzbd.home-server.dev`) 
      kind: Rule
      priority: 10
      services:
        - name: sabnzbd-service
          port: 8080
      middlewares:
        - name: traefik-forward-auth
          namespace: argocd
  tls:
    certResolver: cloudflare
---
# Source: homelab-base-chart/templates/_generic/ingress-https.yaml
apiVersion: traefik.io/v1alpha1
kind: IngressRoute
metadata:
  name: sabnzbd-https-8080-1
  namespace: argocd
  annotations:
    argocd.argoproj.io/sync-options: Prune=true,SkipDryRunOnMissingResource=true
spec:
  entryPoints:
    - websecure
  routes:
    - match: Host(`sabnzbd.home-server.dev`) && ( Path(`/sabnzbd/api`) || QueryRegexp(`apikey`, `^[a-z0-9]{32}$`))
      kind: Rule
      priority: 20
      services:
        - name: sabnzbd-service
          port: 8080
  tls:
    certResolver: cloudflare
