---
# Source: homelab-base-chart/templates/smarthome3/smarthome3-configmap.yaml
apiVersion: v1
kind: ConfigMap
metadata:
  name: smarthome3-config-map
  namespace: argocd
data:
  HUE_IP: "NOT_SET"
  MQTT_URL: "tcp://mosquitto-service:1883"
  HOME_ASSISTANT_IP: "homeassistant-service:8123"
  spring.profiles.active: "NOT_SET"
---
# Source: homelab-base-chart/templates/smarthome3/deployment.yaml
apiVersion: apps/v1
kind: Deployment
metadata:
  name: smarthome-deployment
  namespace: argocd
  labels:
    app: containous
    name: smarthome-deployment
spec:
  replicas: 1
  strategy:
    type: Recreate
  selector:
    matchLabels:
      app: containous
      task: smarthome-task
  template:
    metadata:
      labels:
        app: containous
        task: smarthome-task
    spec:
      containers:
        - name: smarthome
          image: 629099703604.dkr.ecr.eu-central-1.amazonaws.com/nudelkiste
          imagePullPolicy: Always
          envFrom:
            - configMapRef:
                name: smarthome3-config-map
            - secretRef:
                name: smarthome3-secret

          livenessProbe:
            httpGet:
              path: /actuator/health
              port: 8080
            initialDelaySeconds: 10
            periodSeconds: 30
      imagePullSecrets:
        - name: regcred
---
# Source: homelab-base-chart/templates/smarthome3/smarthome3-external-secret.yaml
apiVersion: external-secrets.io/v1beta1
kind: ExternalSecret
metadata:
  name: smarthome3-external-secret
  namespace: argocd
spec:
  refreshInterval: 1h

  secretStoreRef:
    kind: SecretStore
    name: akeyless-secret-store

  target:
    name: smarthome3-secret
    creationPolicy: Owner
    template:
      metadata:
        annotations:
          X-Drone-Events: access-forbidden
          X-Drone-Repos: access-forbidden

  data:
    - secretKey: "HUE_API_KEY"
      remoteRef:
        key: "/kind-homelab/smarthome3/HUE_API_KEY"
    - secretKey: "HOME_ASSISTANT_TOKEN"
      remoteRef:
        key: "/kind-homelab/smarthome3/HOME_ASSISTANT_TOKEN"
