---
# Source: homelab-base-chart/templates/_generic/deployment.yaml
apiVersion: v1
kind: PersistentVolume
metadata:
  name: "tautulli-config-pv"
  namespace: argocd
  annotations:
    argocd.argoproj.io/sync-options: Prune=true
spec:
  capacity:
    storage: 10Gi
  volumeMode: Filesystem
  accessModes:
    - ReadWriteMany
  persistentVolumeReclaimPolicy: Retain
  storageClassName: manual
  hostPath:
    type: Directory
    path: /mnt/somewhere/unencrypted/apps/tautulli/config
  claimRef:
    apiVersion: v1
    kind: PersistentVolumeClaim
    name: "tautulli-config-pvc"
    namespace: argocd
---
# Source: homelab-base-chart/templates/_generic/deployment.yaml
apiVersion: v1
kind: PersistentVolumeClaim
metadata:
  name: "tautulli-config-pvc"
  namespace: argocd
  annotations:
    argocd.argoproj.io/sync-options: Prune=true
spec:
  storageClassName: manual
  accessModes:
    - ReadWriteMany
  resources:
    requests:
      storage: 10Gi
---
# Source: homelab-base-chart/templates/_generic/service.yaml
apiVersion: v1
kind: Service
metadata:
  name: tautulli-service
  namespace: argocd
  labels:
    app: tautulli
spec:
  ports:
    - name: http
      port: 8181
  selector:
    app: tautulli
---
# Source: homelab-base-chart/templates/_generic/deployment.yaml
apiVersion: apps/v1
kind: Deployment
metadata:
  name: tautulli-deployment
  namespace: argocd
spec:
  replicas: 1
  strategy:
    type: Recreate
  selector:
    matchLabels:
      app: tautulli
  template:
    metadata:
      labels:
        app: tautulli
    spec:
      containers:
        - name: tautulli
          image: tautulli/tautulli:latest
          ports:
            - containerPort: 8181
          volumeMounts:
            - mountPath: "/config"
              name: tautulli-config-volume
      volumes:
        - name: tautulli-config-volume
          persistentVolumeClaim:
            claimName: tautulli-config-pvc
---
# Source: homelab-base-chart/templates/_generic/ingress-https.yaml
apiVersion: traefik.io/v1alpha1
kind: IngressRoute
metadata:
  name: tautulli-https-8181-0
  namespace: argocd
  annotations:
    argocd.argoproj.io/sync-options: Prune=true,SkipDryRunOnMissingResource=true
spec:
  entryPoints:
    - websecure
  routes:
    - match: Host(`tautulli.home-server.dev`) 
      kind: Rule
      priority: 10
      services:
        - name: tautulli-service
          port: 8181
      middlewares:
        - name: traefik-forward-auth
          namespace: argocd
  tls:
    certResolver: cloudflare
