---
# Source: homelab-base-chart/templates/zfs/zfs-status-probe.yaml
apiVersion: monitoring.coreos.com/v1
kind: Probe
metadata:
  name: zfs-status-probe
  namespace: argocd
  labels:
    prometheus: kube-prometheus-stack-prometheus
spec:
  interval: 30s
  module: http_2xx
  prober:
    url: prometheus-blackbox-exporter:9115
  targets:
    staticConfig:
      static:
      - http://:9134
  metricRelabelings:
  - action: keep
    regex: .*
    sourceLabels: [__name__]
