---
# Source: homelab-base-chart/templates/zigbee2mqtt/zigbee2mqtt-configmap.yaml
apiVersion: v1
kind: ConfigMap
metadata:
  name: zigbee2mqtt-config-map
  namespace: argocd
data:
  ZIGBEE2MQTT_CONFIG_HOMEASSISTANT: "true"
  ZIGBEE2MQTT_CONFIG_PERMIT_JOIN: "false"
  ZIGBEE2MQTT_CONFIG_MQTT_BASE_TOPIC: "zigbee2mqtt"
  ZIGBEE2MQTT_CONFIG_MQTT_SERVER: "mqtt://mosquitto-service"
  ZIGBEE2MQTT_CONFIG_SERIAL_PORT: "/dev/ttyACM0"

  ZIGBEE2MQTT_CONFIG_ADVANCED_CHANNEL: "15"
  ZIGBEE2MQTT_CONFIG_ADVANCED_HOMEASSISTANT_LEGACY_ENTITY_ATTRIBUTES: "false"
  ZIGBEE2MQTT_CONFIG_ADVANCED_LEGACY_API: "false"
  ZIGBEE2MQTT_CONFIG_ADVANCED_LOG_LEVEL: "info"
  ZIGBEE2MQTT_CONFIG_DEVICE_OPTIONS_LEGACY: "false"
---
# Source: homelab-base-chart/templates/_generic/deployment.yaml
apiVersion: v1
kind: PersistentVolume
metadata:
  name: "zigbee2mqtt-data-pv"
  namespace: argocd
  annotations:
    argocd.argoproj.io/sync-options: Prune=true
spec:
  capacity:
    storage: 10Gi
  volumeMode: Filesystem
  accessModes:
    - ReadWriteMany
  persistentVolumeReclaimPolicy: Retain
  storageClassName: manual
  hostPath:
    type: Directory
    path: /mnt/somewhere/unencrypted/apps/zigbee2mqtt/data
  claimRef:
    apiVersion: v1
    kind: PersistentVolumeClaim
    name: "zigbee2mqtt-data-pvc"
    namespace: argocd
---
# Source: homelab-base-chart/templates/_generic/deployment.yaml
apiVersion: v1
kind: PersistentVolumeClaim
metadata:
  name: "zigbee2mqtt-data-pvc"
  namespace: argocd
  annotations:
    argocd.argoproj.io/sync-options: Prune=true
spec:
  storageClassName: manual
  accessModes:
    - ReadWriteMany
  resources:
    requests:
      storage: 10Gi
---
# Source: homelab-base-chart/templates/_generic/service.yaml
apiVersion: v1
kind: Service
metadata:
  name: zigbee2mqtt-service
  namespace: argocd
spec:
  ports:
    - name: http
      port: 8080
  selector:
    app: zigbee2mqtt
---
# Source: homelab-base-chart/templates/_generic/deployment.yaml
apiVersion: apps/v1
kind: Deployment
metadata:
  name: zigbee2mqtt-deployment
  namespace: argocd
spec:
  replicas: 1
  strategy:
    type: Recreate
  selector:
    matchLabels:
      app: zigbee2mqtt
  template:
    metadata:
      labels:
        app: zigbee2mqtt
    spec:
      containers:
        - name: zigbee2mqtt
          image: koenkk/zigbee2mqtt:latest
          securityContext:
            privileged: true
          ports:
            - containerPort: 8080
          volumeMounts:
            - mountPath: "/app/data"
              name: zigbee2mqtt-data-volume
            - mountPath: "/dev/ttyACM0"
              name: zigbee2mqtt-zigbeeusb-volume
          envFrom:
            - configMapRef:
                name: zigbee2mqtt-config-map
            - secretRef:
                name: zigbee2mqtt-secret
      volumes:
        - name: zigbee2mqtt-data-volume
          persistentVolumeClaim:
            claimName: zigbee2mqtt-data-pvc
        - name: zigbee2mqtt-zigbeeusb-volume
          hostPath:
            path: "/dev/serial/by-id/usb-ITead_Sonoff_Zigbee_3.0_USB_Dongle_Plus_2a6293476f3bec118baba4957a0af07f-if00-port0"
            type: CharDevice
---
# Source: homelab-base-chart/templates/zigbee2mqtt/zigbee2mqtt-external-secret.yaml
apiVersion: external-secrets.io/v1beta1
kind: ExternalSecret
metadata:
  name: zigbee2mqtt-external-secret
  namespace: argocd
spec:
  refreshInterval: 1h

  secretStoreRef:
    kind: SecretStore
    name: akeyless-secret-store

  target:
    name: zigbee2mqtt-secret
    creationPolicy: Owner
    template:
      metadata:
        annotations:
          X-Drone-Events: access-forbidden
          X-Drone-Repos: access-forbidden

  data:
    - secretKey: "ZIGBEE2MQTT_CONFIG_MQTT_USER"
      remoteRef:
        key: "/kind-homelab/zigbee2mqtt/ZIGBEE2MQTT_CONFIG_MQTT_USER"
    - secretKey: "ZIGBEE2MQTT_CONFIG_MQTT_PASSWORD"
      remoteRef:
        key: "/kind-homelab/zigbee2mqtt/ZIGBEE2MQTT_CONFIG_MQTT_PASSWORD"
---
# Source: homelab-base-chart/templates/_generic/ingress-https.yaml
apiVersion: traefik.io/v1alpha1
kind: IngressRoute
metadata:
  name: zigbee2mqtt-https-8080-0
  namespace: argocd
  annotations:
    argocd.argoproj.io/sync-options: Prune=true,SkipDryRunOnMissingResource=true
spec:
  entryPoints:
    - websecure
  routes:
    - match: Host(`zigbee2mqtt.home-server.dev`) 
      kind: Rule
      priority: 10
      services:
        - name: zigbee2mqtt-service
          port: 8080
      middlewares:
        - name: traefik-forward-auth
          namespace: argocd
  tls:
    certResolver: cloudflare
